// Jest Snapshot v1, https://goo.gl/fbAQLP

exports[`Loader file-loader 1`] = `"module.exports = __webpack_public_path__ + \\"d32b2f66e51bbb729790dd3f1af13d7e.jpg\\";"`;
