// Jest Snapshot v1, https://goo.gl/fbAQLP

exports[`Loader Defaults 1`] = `"qcloud  /Users/liuhua/github/mp-img-loader/test/fixtures/file.png"`;
